[ 2923091ms] [WARNING] Intercom initialiser called with invalid parameters. @ https://superdesign.dev/static/js/16914.7560e9da.js:1
[ 2923091ms] [WARNING] Intercom initialiser called with invalid parameters. @ https://superdesign.dev/static/js/16914.7560e9da.js:1
[ 2925849ms] [WARNING] cdn.tailwindcss.com should not be used in production. To use Tailwind CSS in production, install it as a PostCSS plugin or use the Tailwind CLI: https://tailwindcss.com/docs/installation @ https://cdn.tailwindcss.com/:63
[ 2926069ms] [LOG] [SuperDesign] Preview loaded for versionId: 37d55af3-d4d4-4c88-bebd-2385d53793d9 @ https://component-37d55af3-d4d4-4c88-bebd-2385d53793d9.preview.superdesign.dev/?projectId=477d6239-9596-4e4b-a765-cd405af71799:1297
[ 2926990ms] [ERROR] Warning: You are importing createRoot from "react-dom" which is not supported. You should instead import it from "react-dom/client". @ https://esm.sh/react-dom@18.3.1/es2022/cjs/react-dom.development.development.mjs:85
[ 2929181ms] [LOG] [SuperDesign] Loading modern-screenshot library... @ https://component-37d55af3-d4d4-4c88-bebd-2385d53793d9.preview.superdesign.dev/?projectId=477d6239-9596-4e4b-a765-cd405af71799:1322
[ 2930473ms] [WARNING] Intercom initialiser called with invalid parameters. @ https://superdesign.dev/static/js/16914.7560e9da.js:1
[ 2930473ms] [WARNING] Intercom initialiser called with invalid parameters. @ https://superdesign.dev/static/js/16914.7560e9da.js:1
[ 2932653ms] [WARNING] cdn.tailwindcss.com should not be used in production. To use Tailwind CSS in production, install it as a PostCSS plugin or use the Tailwind CLI: https://tailwindcss.com/docs/installation @ https://cdn.tailwindcss.com/:63
[ 2932886ms] [LOG] [SuperDesign] Preview loaded for versionId: 022fd5e7-ad8a-42ea-b25b-510d7e5c5f04 @ https://component-022fd5e7-ad8a-42ea-b25b-510d7e5c5f04.preview.superdesign.dev/?projectId=60cc2c69-7963-4822-940a-4291fdbb138c:1297
[ 2933479ms] [ERROR] Warning: You are importing createRoot from "react-dom" which is not supported. You should instead import it from "react-dom/client". @ https://esm.sh/react-dom@18.3.1/es2022/cjs/react-dom.development.development.mjs:85
[ 2936457ms] [LOG] [SuperDesign] Loading modern-screenshot library... @ https://component-022fd5e7-ad8a-42ea-b25b-510d7e5c5f04.preview.superdesign.dev/?projectId=60cc2c69-7963-4822-940a-4291fdbb138c:1322
[ 2936599ms] [ERROR] Access to fetch at 'https://fonts.googleapis.com/css2?family=Outfit:wght@300;400;500;600;700;800;900&family=Georgia:wght@300;400;500;600;700;800;900&display=swap' from origin 'https://component-022fd5e7-ad8a-42ea-b25b-510d7e5c5f04.preview.superdesign.dev' has been blocked by CORS policy: No 'Access-Control-Allow-Origin' header is present on the requested resource. @ https://component-022fd5e7-ad8a-42ea-b25b-510d7e5c5f04.preview.superdesign.dev/?projectId=60cc2c69-7963-4822-940a-4291fdbb138c:0
[ 2936599ms] [ERROR] Failed to load resource: net::ERR_FAILED @ https://fonts.googleapis.com/css2?family=Outfit:wght@300;400;500;600;700;800;900&family=Georgia:wght@300;400;500;600;700;800;900&display=swap:0
[ 2936603ms] [ERROR] Fetch API cannot load about:blank#blob-mask. URL scheme "about" is not supported. @ https://esm.sh/modern-screenshot@4.6.6/es2022/modern-screenshot.mjs:7
[ 2948916ms] [WARNING] Intercom initialiser called with invalid parameters. @ https://superdesign.dev/static/js/16914.7560e9da.js:1
[ 2948917ms] [WARNING] Intercom initialiser called with invalid parameters. @ https://superdesign.dev/static/js/16914.7560e9da.js:1
[ 2950783ms] [WARNING] cdn.tailwindcss.com should not be used in production. To use Tailwind CSS in production, install it as a PostCSS plugin or use the Tailwind CLI: https://tailwindcss.com/docs/installation @ https://cdn.tailwindcss.com/:63
[ 2951292ms] [LOG] [SuperDesign] Preview loaded for versionId: 37d55af3-d4d4-4c88-bebd-2385d53793d9 @ https://component-37d55af3-d4d4-4c88-bebd-2385d53793d9.preview.superdesign.dev/?projectId=477d6239-9596-4e4b-a765-cd405af71799:1297
[ 2951339ms] [ERROR] Warning: You are importing createRoot from "react-dom" which is not supported. You should instead import it from "react-dom/client". @ https://esm.sh/react-dom@18.3.1/es2022/cjs/react-dom.development.development.mjs:85
[ 2954316ms] [LOG] [SuperDesign] Loading modern-screenshot library... @ https://component-37d55af3-d4d4-4c88-bebd-2385d53793d9.preview.superdesign.dev/?projectId=477d6239-9596-4e4b-a765-cd405af71799:1322
[ 2967634ms] [WARNING] cdn.tailwindcss.com should not be used in production. To use Tailwind CSS in production, install it as a PostCSS plugin or use the Tailwind CLI: https://tailwindcss.com/docs/installation @ https://cdn.tailwindcss.com/:63
[ 2968041ms] [LOG] [SuperDesign] Preview loaded for versionId: 022fd5e7-ad8a-42ea-b25b-510d7e5c5f04 @ https://component-022fd5e7-ad8a-42ea-b25b-510d7e5c5f04.preview.superdesign.dev/?projectId=60cc2c69-7963-4822-940a-4291fdbb138c:1297
[ 2968102ms] [INFO] %cDownload the React DevTools for a better development experience: https://reactjs.org/link/react-devtools font-weight:bold @ https://esm.sh/react-dom@18.3.1/es2022/cjs/react-dom.development.development.mjs:21173
[ 2968109ms] [ERROR] Warning: You are importing createRoot from "react-dom" which is not supported. You should instead import it from "react-dom/client". @ https://esm.sh/react-dom@18.3.1/es2022/cjs/react-dom.development.development.mjs:85
